<?xml version="1.0" encoding="UTF-8" ?>
<testsuites name="vitest tests" tests="2" failures="0" errors="0" time="0.257370082">
    <testsuite name="test/app.test.ts" timestamp="2026-05-27T06:23:09.774Z" hostname="codespaces-627ce8" tests="2" failures="0" errors="0" skipped="0" time="0.257370082">
        <testcase classname="test/app.test.ts" name="Fastify app &gt; GET /health returns ok status" time="0.24314328">
        </testcase>
        <testcase classname="test/app.test.ts" name="Fastify app &gt; GET / returns app message and version" time="0.008623364">
        </testcase>
    </testsuite>
</testsuites>
